// Jest Snapshot v1, https://goo.gl/fbAQLP

exports[`UVNumber Component Suite has correct snapshot 1`] = `
Object {
  "$$typeof": Symbol(react.memo),
  "compare": null,
  "type": [Function],
}
`;
